<?xml version="1.0" encoding="utf-8"?>
<TestRun id="626aabf5-1ac7-40b1-8f26-c68b5a94b31c" name="@fv-az566-959 2024-03-28 06:08:01" xmlns="http://microsoft.com/schemas/VisualStudio/TeamTest/2010">
  <Times creation="2024-03-28T06:08:01.4604145+00:00" queuing="2024-03-28T06:08:01.4604146+00:00" start="2024-03-28T06:07:55.5705468+00:00" finish="2024-03-28T06:08:01.4680798+00:00" />
  <TestSettings name="default" id="27061656-7ebc-4087-8c5f-0e4655523168">
    <Deployment runDeploymentRoot="_fv-az566-959_2024-03-28_06_08_01" />
  </TestSettings>
  <Results>
    <UnitTestResult executionId="8f2baaa1-8adf-458b-97fc-76b4b1e5db7b" testId="540651e4-0ab2-531d-5f16-714ed241afcf" testName="Successful login with valid credentials(userName: &quot;testuser_1&quot;, password: &quot;Test@123&quot;, exampleTags: [])" computerName="fv-az566-959" duration="00:00:04.1523632" startTime="2024-03-28T06:08:01.2791493+00:00" endTime="2024-03-28T06:08:01.2791738+00:00" testType="13cdc9d9-ddb5-4fa4-a97d-d965ccfc6d4b" outcome="Passed" testListId="8c84fa94-04c1-424b-9868-57a2d4851a1d" relativeResultsDirectory="8f2baaa1-8adf-458b-97fc-76b4b1e5db7b">
      <Output>
        <StdOut>Given user is at the Login page
-&gt; done: LoginStepDefinitions.GivenUserIsAtTheLoginPage() (2.8s)
When user enters 'testuser_1' and 'Test@123'
-&gt; done: LoginStepDefinitions.WhenUserEntersAnd("testuser_1", "Test@123") (0.1s)
And user clicks the login button
-&gt; done: LoginStepDefinitions.WhenUserClicksTheLoginButton() (0.1s)
Then the page should navigate to profile page
-&gt; https://demoqa.com/profile
-&gt; done: LoginStepDefinitions.ThenThePageShouldNavigateToProfilePage() (1.1s)</StdOut>
      </Output>
    </UnitTestResult>
  </Results>
  <TestDefinitions>
    <UnitTest name="Successful login with valid credentials(userName: &quot;testuser_1&quot;, password: &quot;Test@123&quot;, exampleTags: [])" storage="/home/runner/work/demo-login-test/demo-login-test/logindemo/bin/release/netcoreapp3.1/logindemo.dll" id="540651e4-0ab2-531d-5f16-714ed241afcf">
      <Execution id="8f2baaa1-8adf-458b-97fc-76b4b1e5db7b" />
      <TestMethod codeBase="/home/runner/work/demo-login-test/demo-login-test/LoginDemo/bin/Release/netcoreapp3.1/LoginDemo.dll" adapterTypeName="executor://xunit/VsTestRunner2/netcoreapp" className="LoginDemo.LoginFeature" name="SuccessfulLoginWithValidCredentials" />
    </UnitTest>
  </TestDefinitions>
  <TestEntries>
    <TestEntry testId="540651e4-0ab2-531d-5f16-714ed241afcf" executionId="8f2baaa1-8adf-458b-97fc-76b4b1e5db7b" testListId="8c84fa94-04c1-424b-9868-57a2d4851a1d" />
  </TestEntries>
  <TestLists>
    <TestList name="Results Not in a List" id="8c84fa94-04c1-424b-9868-57a2d4851a1d" />
    <TestList name="All Loaded Results" id="19431567-8539-422a-85d7-44ee4e166bda" />
  </TestLists>
  <ResultSummary outcome="Completed">
    <Counters total="1" executed="1" passed="1" failed="0" error="0" timeout="0" aborted="0" inconclusive="0" passedButRunAborted="0" notRunnable="0" notExecuted="0" disconnected="0" warning="0" completed="0" inProgress="0" pending="0" />
    <Output>
      <StdOut>[xUnit.net 00:00:00.00] xUnit.net VSTest Adapter v2.4.3+1b45f5407b (64-bit .NET Core 3.1.32)
[xUnit.net 00:00:00.49]   Discovering: LoginDemo
[xUnit.net 00:00:00.55]   Discovered:  LoginDemo
[xUnit.net 00:00:00.55]   Starting:    LoginDemo
[xUnit.net 00:00:05.03]   Finished:    LoginDemo
</StdOut>
    </Output>
  </ResultSummary>
</TestRun>